============================= test session starts =============================
platform win32 -- Python 3.14.2, pytest-9.0.2, pluggy-1.6.0 -- C:\Users\Kelechi\AppData\Local\Programs\Python\Python314\python.exe
cachedir: .pytest_cache
rootdir: C:\Users\Kelechi\.gemini\antigravity\scratch\project-confluence
plugins: anyio-4.12.1
collecting ... collected 16 items

tests/test_complexity_profiler.py::TestSampleEntropy::test_constant_signal_zero_entropy PASSED [  6%]
tests/test_complexity_profiler.py::TestSampleEntropy::test_random_signal_positive_entropy PASSED [ 12%]
tests/test_complexity_profiler.py::TestSampleEntropy::test_short_signal_handled PASSED [ 18%]
tests/test_complexity_profiler.py::TestMultiscaleEntropy::test_output_shape PASSED [ 25%]
tests/test_complexity_profiler.py::TestCorrelationDimension::test_returns_nonnegative PASSED [ 31%]
tests/test_complexity_profiler.py::TestCorrelationDimension::test_short_signal_fallback PASSED [ 37%]
tests/test_complexity_profiler.py::TestLyapunovExponent::test_returns_finite PASSED [ 43%]
tests/test_complexity_profiler.py::TestPowerSpectralSlope::test_returns_finite PASSED [ 50%]
tests/test_complexity_profiler.py::TestPowerSpectralSlope::test_white_noise_near_zero PASSED [ 56%]
tests/test_complexity_profiler.py::TestCouplingScore::test_identical_signals_high_coupling PASSED [ 62%]
tests/test_complexity_profiler.py::TestCoherenceMetric::test_healthy_reference_scores_high PASSED [ 68%]
tests/test_complexity_profiler.py::TestCoherenceMetric::test_pathological_scores_lower PASSED [ 75%]
tests/test_complexity_profiler.py::TestArchetypeClassifier::test_chaotic_classified FAILED [ 81%]
tests/test_complexity_profiler.py::TestArchetypeClassifier::test_healthy_classified_correctly FAILED [ 87%]
tests/test_complexity_profiler.py::TestComplexityProfiler::test_phi_json_export PASSED [ 93%]
tests/test_complexity_profiler.py::TestComplexityProfiler::test_profile_produces_valid_phi PASSED [100%]

================================== FAILURES ===================================
_______________ TestArchetypeClassifier.test_chaotic_classified _______________

self = <tests.test_complexity_profiler.TestArchetypeClassifier testMethod=test_chaotic_classified>

    def test_chaotic_classified(self):
        """Chaotic \u03a6 vector should classify as Chaotic/Decoupled."""
        phi = PhiProfile(Phi_temporal=0.8, Phi_spatial=0.7,
                         Phi_functional=0.3, Phi_informational=0.8,
                         Phi_coupling=0.15)
        archetype, _ = classify_archetype(phi)
>       self.assertEqual(archetype, "Chaotic/Decoupled")
E       AssertionError: 'Mixed Pathology' != 'Chaotic/Decoupled'
E       - Mixed Pathology
E       + Chaotic/Decoupled

tests\test_complexity_profiler.py:157: AssertionError
__________ TestArchetypeClassifier.test_healthy_classified_correctly __________

self = <tests.test_complexity_profiler.TestArchetypeClassifier testMethod=test_healthy_classified_correctly>

    def test_healthy_classified_correctly(self):
        """Healthy \u03a6 vector should classify as Healthy Complex."""
        phi = PhiProfile(Phi_temporal=0.65, Phi_spatial=0.6,
                         Phi_functional=0.7, Phi_informational=0.65,
                         Phi_coupling=0.55)
        archetype, confidence = classify_archetype(phi)
>       self.assertEqual(archetype, "Healthy Complex")
E       AssertionError: 'Transitional/Pre-disease' != 'Healthy Complex'
E       - Transitional/Pre-disease
E       + Healthy Complex

tests\test_complexity_profiler.py:148: AssertionError
=========================== short test summary info ===========================
FAILED tests/test_complexity_profiler.py::TestArchetypeClassifier::test_chaotic_classified
FAILED tests/test_complexity_profiler.py::TestArchetypeClassifier::test_healthy_classified_correctly
======================== 2 failed, 14 passed in 32.40s ========================
